Microchip MPLAB XC8 Compiler V3.00

Linker command line:

-W-3 \
  --edf=C:\Program Files\Microchip\xc8\v3.00\pic\dat\20241204225717_en.msgs \
  -cn -h+dist/default/production\proje.X.production.sym \
  --cmf=dist/default/production\proje.X.production.cmf -z -Q16F877A \
  -oC:\Users\burak\AppData\Local\Temp\xcAs94s.\driver_tmp_3.o \
  --defsym=__MPLAB_BUILD=1 --fixupoverflow=error \
  -Mdist/default/production/proje.X.production.map \
  --md=C:\Users\burak\AppData\Local\Temp\xcAs94s.\driver_tmp_0.dat -E1 \
  -ver=XC8 Compiler -ACODE=00h-07FFhx4 -ASTRCODE=00h-01FFFh \
  -ASTRING=00h-0FFhx32 -ACONST=00h-0FFhx32 -AENTRY=00h-0FFhx32 \
  -ACOMMON=070h-07Fh -ABANK0=020h-06Fh -ABANK1=0A0h-0EFh \
  -ABANK2=0110h-016Fh -ABANK3=0190h-01EFh \
  -ARAM=020h-06Fh,0A0h-0EFh,0110h-016Fh,0190h-01EFh \
  -AABS1=020h-07Fh,0A0h-0EFh,0110h-016Fh,0190h-01EFh -ASFR0=00h-01Fh \
  -ASFR1=080h-09Fh -ASFR2=0100h-010Fh -ASFR3=0180h-018Fh \
  -ACONFIG=02007h-02007h -DCONFIG=2 -AIDLOC=02000h-02003h -DIDLOC=2 \
  -AEEDATA=00h-0FFh/02100h -peeprom_data=EEDATA -DEEDATA=2 -DCODE=2 \
  -DSTRCODE=2 -DSTRING=2 -DCONST=2 -DENTRY=2 \
  -preset_vec=00h,intentry,sivt,init,end_init -ppowerup=CODE -pcinit=CODE \
  -pfunctab=ENTRY -k \
  C:\Users\burak\AppData\Local\Temp\xcAs94s.\driver_tmp_17.o \
  dist/default/production\proje.X.production.o 

Object code version is 3.11

Machine type is 16F877A



                Name                               Link     Load   Length Selector   Space Scale
C:\Users\burak\AppData\Local\Temp\xcAs94s.\driver_tmp_17.o
                end_init                              0        0        3        0       0
                config                             2007     2007        1        0       4
dist/default/production\proje.X.production.o
                cinit                               7D3      7D3       2D      FA6       0
                config                             2007     2007        1        0       4
                text29                              E1D      E1D       19     1C3A       0
                text28                              38B      38B       B9      716       0
                text27                              F04      F04       31     1E08       0
                text26                               BB       BB       46      176       0
                text25                              FAF      FAF       51     1F5E       0
                text24                              E94      E94       25     1D28       0
                text23                              4FD      4FD       BE      9FA       0
                text22                              DB9      DB9        C     1B72       0
                text21                              E05      E05       18     1C0A       0
                text20                              E4F      E4F       22     1C9E       0
                text19                              DD2      DD2        F     1BA4       0
                text18                              281      281       70      502       0
                text17                              DC5      DC5        D     1B8A       0
                text16                              DE1      DE1       10     1BC2       0
                text15                              444      444       B9      888       0
                text14                              EDE      EDE       26     1DBC       0
                text13                              F6D      F6D       42     1EDA       0
                text12                              F35      F35       38     1E6A       0
                text11                              DAC      DAC        1     1B58       0
                text10                              2F1      2F1       9A      5E2       0
                text9                               5BB      5BB       C4      B76       0
                text8                               EB9      EB9       25     1D72       0
                text7                               E71      E71       23     1CE2       0
                text6                               E36      E36       19     1C6C       0
                text5                               DF1      DF1       14     1BE2       0
                text4                               216      216       6B      42C       0
                text3                               101      101       52      202       0
                text2                               1B0      1B0       66      360       0
                text1                               153      153       5D      2A6       0
                maintext                            67F      67F      154      CFE       0
                cstackBANK0                          20       20       34       20       1
                cstackCOMMON                         70       70        E       70       1
                clrtext                             DB1      DB1        8     1B62       0
                bssBANK1                             A0       A0       2A       A0       1
                dataBANK0                            64       64        4       20       1
                bssBANK0                             54       54       10       20       1
                strings                               3        3       B8        6       0
                idataBANK0                          DAD      DAD        4     1B5A       0

TOTAL           Name                               Link     Load   Length     Space
        CLASS   CODE           
                end_init                              0        0        3         0
                cinit                               7D3      7D3       2D         0
                text29                              E1D      E1D       19         0
                text28                              38B      38B       B9         0
                text27                              F04      F04       31         0
                text26                               BB       BB       46         0
                text25                              FAF      FAF       51         0
                text24                              E94      E94       25         0
                text23                              4FD      4FD       BE         0
                text22                              DB9      DB9        C         0
                text21                              E05      E05       18         0
                text20                              E4F      E4F       22         0
                text19                              DD2      DD2        F         0
                text18                              281      281       70         0
                text17                              DC5      DC5        D         0
                text16                              DE1      DE1       10         0
                text15                              444      444       B9         0
                text14                              EDE      EDE       26         0
                text13                              F6D      F6D       42         0
                text12                              F35      F35       38         0
                text11                              DAC      DAC        1         0
                text10                              2F1      2F1       9A         0
                text9                               5BB      5BB       C4         0
                text8                               EB9      EB9       25         0
                text7                               E71      E71       23         0
                text6                               E36      E36       19         0
                text5                               DF1      DF1       14         0
                text4                               216      216       6B         0
                text3                               101      101       52         0
                text2                               1B0      1B0       66         0
                text1                               153      153       5D         0
                maintext                            67F      67F      154         0
                clrtext                             DB1      DB1        8         0
                idataBANK0                          DAD      DAD        4         0

        CLASS   STRCODE        

        CLASS   STRING         
                strings                               3        3       B8         0

        CLASS   CONST          

        CLASS   ENTRY          

        CLASS   COMMON         
                cstackCOMMON                         70       70        E         1

        CLASS   BANK0          
                cstackBANK0                          20       20       34         1
                dataBANK0                            64       64        4         1
                bssBANK0                             54       54       10         1

        CLASS   BANK1          
                bssBANK1                             A0       A0       2A         1

        CLASS   BANK2          

        CLASS   BANK3          

        CLASS   RAM            

        CLASS   ABS1           
                abs_s1                               7E       7E        2         1

        CLASS   SFR0           

        CLASS   SFR1           

        CLASS   SFR2           

        CLASS   SFR3           

        CLASS   CONFIG         
                config                             2007     2007        1         4

        CLASS   IDLOC          

        CLASS   EEDATA         

        CLASS   HEAP           

        CLASS   STACK          



SEGMENTS        Name                           Load    Length   Top    Selector   Space  Class     Delta

                reset_vec                      000000  000003  000003         0       0  CODE        2
                strings                        000003  0000B8  0000BB         6       0  STRING      2
                cstackBANK0                    000020  000048  000068        20       1  BANK0       1
                cstackCOMMON                   000070  00000E  00007E        70       1  COMMON      1
                bssBANK1                       0000A0  00002A  0000CA        A0       1  BANK1       1
                text26                         0000BB  000046  000101       176       0  CODE        2
                text3                          000101  000052  000153       202       0  CODE        2
                text1                          000153  00005D  0001B0       2A6       0  CODE        2
                text2                          0001B0  000066  000216       360       0  CODE        2
                text4                          000216  00006B  000281       42C       0  CODE        2
                text18                         000281  000070  0002F1       502       0  CODE        2
                text10                         0002F1  00009A  00038B       5E2       0  CODE        2
                text28                         00038B  0000B9  000444       716       0  CODE        2
                text15                         000444  0000B9  0004FD       888       0  CODE        2
                text23                         0004FD  0000BE  0005BB       9FA       0  CODE        2
                text9                          0005BB  0000C4  00067F       B76       0  CODE        2
                maintext                       00067F  000154  0007D3       CFE       0  CODE        2
                cinit                          0007D3  00002D  000800       FA6       0  CODE        2
                text11                         000DAC  000001  000DAD      1B58       0  CODE        2
                idataBANK0                     000DAD  000004  000DB1      1B5A       0  CODE        2
                clrtext                        000DB1  000008  000DB9      1B62       0  CODE        2
                text22                         000DB9  00000C  000DC5      1B72       0  CODE        2
                text17                         000DC5  00000D  000DD2      1B8A       0  CODE        2
                text19                         000DD2  00000F  000DE1      1BA4       0  CODE        2
                text16                         000DE1  000010  000DF1      1BC2       0  CODE        2
                text5                          000DF1  000014  000E05      1BE2       0  CODE        2
                text21                         000E05  000018  000E1D      1C0A       0  CODE        2
                text29                         000E1D  000019  000E36      1C3A       0  CODE        2
                text6                          000E36  000019  000E4F      1C6C       0  CODE        2
                text20                         000E4F  000022  000E71      1C9E       0  CODE        2
                text7                          000E71  000023  000E94      1CE2       0  CODE        2
                text24                         000E94  000025  000EB9      1D28       0  CODE        2
                text8                          000EB9  000025  000EDE      1D72       0  CODE        2
                text14                         000EDE  000026  000F04      1DBC       0  CODE        2
                text27                         000F04  000031  000F35      1E08       0  CODE        2
                text12                         000F35  000038  000F6D      1E6A       0  CODE        2
                text13                         000F6D  000042  000FAF      1EDA       0  CODE        2
                text25                         000FAF  000051  001000      1F5E       0  CODE        2


UNUSED ADDRESS RANGES

        Name                Unused          Largest block    Delta
        BANK0            0068-006F              8           1
        BANK1            00CA-00EF             26           1
        BANK2            0110-016F             60           1
        BANK3            0190-01EF             60           1
        CODE             0800-0DAB            5AC           2
                         1000-1FFF            800
        CONST            0800-0DAB            100           2
                         1000-1FFF            100
        EEDATA           2100-21FF            100           2
        ENTRY            0800-0DAB            100           2
                         1000-1FFF            100
        IDLOC            2000-2003              4           2
        RAM              0068-006F              8           1
                         00CA-00EF             26
                         0110-016F             60
                         0190-01EF             60
        SFR0             0000-001F             20           1
        SFR1             0080-009F             20           1
        SFR2             0100-010F             10           1
        SFR3             0180-018F             10           1
        STRCODE          0800-0DAB            5AC           2
                         1000-1FFF           1000
        STRING           0800-0DAB            100           2
                         1000-1FFF            100

                                  Symbol Table

?___lmul                         cstackCOMMON 0070
?___lwdiv                        cstackCOMMON 0070
?___lwmod                        cstackCOMMON 0070
?_rand                           cstackBANK0  0020
?_sprintf                        cstackBANK0  0030
?_vfprintf                       cstackBANK0  002C
Lcd_Char@data                    cstackCOMMON 0075
Lcd_Command@cmd                  cstackCOMMON 0075
Lcd_Number@buffer                cstackBANK0  0043
Lcd_Number@number                cstackBANK0  0041
Lcd_Set_Cursor@column            cstackCOMMON 0076
Lcd_Set_Cursor@pos               cstackCOMMON 0078
Lcd_Set_Cursor@row               cstackCOMMON 0077
Lcd_String@str                   cstackCOMMON 0076
_ADCON1                          (abs)        009F
_EEADR                           (abs)        010D
_EECON1bits                      (abs)        018C
_EECON2                          (abs)        018D
_EEDATA                          (abs)        010C
_INTCONbits                      (abs)        000B
_Lcd_Char                        text15       0444
_Lcd_Clear                       text16       0DE1
_Lcd_Command                     text28       038B
_Lcd_Init                        text27       0F04
_Lcd_Number                      text6        0E36
_Lcd_Set_Cursor                  text5        0DF1
_Lcd_String                      text14       0EDE
_OPTION_REGbits                  (abs)        0081
_PORTD                           (abs)        0008
_RB0                             (abs)        0030
_RB1                             (abs)        0031
_RB2                             (abs)        0032
_RB3                             (abs)        0033
_RB4                             (abs)        0034
_RC0                             (abs)        0038
_RC1                             (abs)        0039
_RC2                             (abs)        003A
_RC3                             (abs)        003B
_RC4                             (abs)        003C
_RC5                             (abs)        003D
_RD0                             (abs)        0040
_RD1                             (abs)        0041
_RD2                             (abs)        0042
_RD3                             (abs)        0043
_TMR0                            (abs)        0001
_TRISB                           (abs)        0086
_TRISC                           (abs)        0087
_TRISD                           (abs)        0088
__H__absolute__                  __absolute__ 0000
__Habs1                          abs1         0000
__Hbank0                         bank0        0000
__Hbank1                         bank1        0000
__Hbank2                         bank2        0000
__Hbank3                         bank3        0000
__HbssBANK0                      bssBANK0     0000
__HbssBANK1                      bssBANK1     0000
__Hcinit                         cinit        0800
__Hclrtext                       clrtext      0000
__Hcode                          code         0000
__Hcommon                        common       0000
__Hconfig                        config       2008
__HcstackBANK0                   cstackBANK0  0000
__HcstackCOMMON                  cstackCOMMON 0000
__HdataBANK0                     dataBANK0    0000
__Heeprom_data                   eeprom_data  0000
__Hend_init                      end_init     0003
__Hfunctab                       functab      0000
__Hheap                          heap         0000
__HidataBANK0                    idataBANK0   0000
__Hinit                          init         0000
__Hintentry                      intentry     0000
__Hmaintext                      maintext     0000
__Hpowerup                       powerup      0000
__Hram                           ram          0000
__Hreset_vec                     reset_vec    0000
__Hsfr0                          sfr0         0000
__Hsfr1                          sfr1         0000
__Hsfr2                          sfr2         0000
__Hsfr3                          sfr3         0000
__Hsivt                          sivt         0000
__Hspace_0                       (abs)        1000
__Hspace_1                       (abs)        00CA
__Hspace_2                       (abs)        0000
__Hspace_3                       (abs)        0000
__Hspace_4                       (abs)        400F
__Hstack                         stack        0000
__Hstrings                       strings      0000
__Htext                          text         0000
__L__absolute__                  __absolute__ 0000
__Labs1                          abs1         0000
__Lbank0                         bank0        0000
__Lbank1                         bank1        0000
__Lbank2                         bank2        0000
__Lbank3                         bank3        0000
__LbssBANK0                      bssBANK0     0000
__LbssBANK1                      bssBANK1     0000
__Lcinit                         cinit        07D3
__Lclrtext                       clrtext      0000
__Lcode                          code         0000
__Lcommon                        common       0000
__Lconfig                        config       0000
__LcstackBANK0                   cstackBANK0  0000
__LcstackCOMMON                  cstackCOMMON 0000
__LdataBANK0                     dataBANK0    0000
__Leeprom_data                   eeprom_data  0000
__Lend_init                      end_init     0000
__Lfunctab                       functab      0000
__Lheap                          heap         0000
__LidataBANK0                    idataBANK0   0000
__Linit                          init         0000
__Lintentry                      intentry     0000
__Lmaintext                      maintext     0000
__Lpowerup                       powerup      0000
__Lram                           ram          0000
__Lreset_vec                     reset_vec    0000
__Lsfr0                          sfr0         0000
__Lsfr1                          sfr1         0000
__Lsfr2                          sfr2         0000
__Lsfr3                          sfr3         0000
__Lsivt                          sivt         0000
__Lspace_0                       (abs)        0000
__Lspace_1                       (abs)        0000
__Lspace_2                       (abs)        0000
__Lspace_3                       (abs)        0000
__Lspace_4                       (abs)        0000
__Lstack                         stack        0000
__Lstrings                       strings      0000
__Ltext                          text         0000
__S0                             (abs)        1000
__S1                             (abs)        00CA
__S3                             (abs)        0000
___heap_hi                       (abs)        0000
___heap_lo                       (abs)        0000
___int_sp                        stack        0000
___int_stack_hi                  stack        0000
___int_stack_lo                  stack        0000
___latbits                       (abs)        0002
___lmul                          text26       00BB
___lmul@multiplicand             cstackCOMMON 0074
___lmul@multiplier               cstackCOMMON 0070
___lmul@product                  cstackCOMMON 0079
___lwdiv                         text13       0F6D
___lwdiv@counter                 cstackCOMMON 0076
___lwdiv@dividend                cstackCOMMON 0072
___lwdiv@divisor                 cstackCOMMON 0070
___lwdiv@quotient                cstackCOMMON 0074
___lwmod                         text12       0F35
___lwmod@counter                 cstackCOMMON 0074
___lwmod@dividend                cstackCOMMON 0072
___lwmod@divisor                 cstackCOMMON 0070
___sp                            stack        0000
___stack_hi                      stack        0000
___stack_lo                      stack        0000
___stackhi                       (abs)        0000
___stacklo                       (abs)        0000
__end_of_Lcd_Char                text15       04FD
__end_of_Lcd_Clear               text16       0DF1
__end_of_Lcd_Command             text28       0444
__end_of_Lcd_Init                text27       0F35
__end_of_Lcd_Number              text6        0E4F
__end_of_Lcd_Set_Cursor          text5        0E05
__end_of_Lcd_String              text14       0F04
__end_of___lmul                  text26       0101
__end_of___lwdiv                 text13       0FAF
__end_of___lwmod                 text12       0F6D
__end_of__initialization         cinit        07FC
__end_of__stringtab              strings      0013
__end_of_checkInvalidButtonPress text2        0216
__end_of_delay_ms                text29       0E36
__end_of_eeprom_read             text22       0DC5
__end_of_eeprom_write            text21       0E1D
__end_of_fputc                   text10       038B
__end_of_generateSequence        text24       0EB9
__end_of_getUserInput            text23       05BB
__end_of_initGame                text20       0E71
__end_of_main                    maintext     07D3
__end_of_putch                   text11       0DAD
__end_of_rand                    text25       1000
__end_of_resetGame               text19       0DE1
__end_of_showSequence            text18       02F1
__end_of_sprintf                 text7        0E94
__end_of_srand                   text17       0DD2
__end_of_updateHighScore         text4        0281
__end_of_updateScoreDisplay      text3        0153
__end_of_vfpfcnvrt               text9        067F
__end_of_vfprintf                text8        0EDE
__end_of_waitForStart            text1        01B0
__initialization                 cinit        07D3
__pbssBANK0                      bssBANK0     0054
__pbssBANK1                      bssBANK1     00A0
__pcstackBANK0                   cstackBANK0  0020
__pcstackCOMMON                  cstackCOMMON 0070
__pdataBANK0                     dataBANK0    0064
__pidataBANK0                    idataBANK0   0DAD
__pmaintext                      maintext     067F
__pstrings                       strings      0003
__ptext1                         text1        0153
__ptext10                        text10       02F1
__ptext11                        text11       0DAC
__ptext12                        text12       0F35
__ptext13                        text13       0F6D
__ptext14                        text14       0EDE
__ptext15                        text15       0444
__ptext16                        text16       0DE1
__ptext17                        text17       0DC5
__ptext18                        text18       0281
__ptext19                        text19       0DD2
__ptext2                         text2        01B0
__ptext20                        text20       0E4F
__ptext21                        text21       0E05
__ptext22                        text22       0DB9
__ptext23                        text23       04FD
__ptext24                        text24       0E94
__ptext25                        text25       0FAF
__ptext26                        text26       00BB
__ptext27                        text27       0F04
__ptext28                        text28       038B
__ptext29                        text29       0E1D
__ptext3                         text3        0101
__ptext4                         text4        0216
__ptext5                         text5        0DF1
__ptext6                         text6        0E36
__ptext7                         text7        0E71
__ptext8                         text8        0EB9
__ptext9                         text9        05BB
__stringbase                     strings      0012
__stringtab                      strings      0003
_checkInvalidButtonPress         text2        01B0
_dbuf                            bssBANK1     00A0
_delay_ms                        text29       0E1D
_eeprom_read                     text22       0DB9
_eeprom_write                    text21       0E05
_flags                           bssBANK0     005E
_fputc                           text10       02F1
_gameState                       bssBANK0     005F
_generateSequence                text24       0E94
_getUserInput                    text23       04FD
_highScore                       bssBANK0     0058
_initGame                        text20       0E4F
_inputIndex                      bssBANK0     005A
_level                           dataBANK0    0066
_main                            maintext     067F
_prec                            bssBANK0     0056
_putch                           text11       0DAC
_rand                            text25       0FAF
_resetGame                       text19       0DD2
_score                           bssBANK0     005C
_seed                            bssBANK0     0060
_sequence                        bssBANK1     00C0
_showSequence                    text18       0281
_showSpeed                       dataBANK0    0064
_sprintf                         text7        0E71
_srand                           text17       0DC5
_updateHighScore                 text4        0216
_updateHighScore$227             cstackBANK0  004F
_updateScoreDisplay              text3        0101
_vfpfcnvrt                       text9        05BB
_vfprintf                        text8        0EB9
_waitForStart                    text1        0153
_width                           bssBANK0     0054
btemp                            (abs)        007E
clear_ram0                       clrtext      0DB1
delay_ms@ms                      cstackCOMMON 0070
eeprom_read@address              cstackCOMMON 0070
eeprom_write@address             cstackCOMMON 0071
eeprom_write@data                cstackCOMMON 0070
end_of_initialization            cinit        07FC
fputc@c                          cstackCOMMON 0070
fputc@fp                         cstackCOMMON 0072
generateSequence@i               cstackBANK0  0026
initGame@storedScore             cstackCOMMON 0074
intlevel0                        functab      0000
intlevel1                        functab      0000
intlevel2                        functab      0000
intlevel3                        functab      0000
intlevel4                        functab      0000
intlevel5                        functab      0000
reset_vec                        reset_vec    0000
showSequence@i                   cstackCOMMON 0076
sprintf@ap                       cstackBANK0  0035
sprintf@f                        cstackBANK0  0036
sprintf@fmt                      cstackBANK0  0031
sprintf@s                        cstackBANK0  0030
srand@s                          cstackCOMMON 0070
start                            init         0000
start_initialization             cinit        07D3
updateHighScore@scoreToSave      cstackBANK0  0051
vfpfcnvrt@ap                     cstackBANK0  0023
vfpfcnvrt@c                      cstackBANK0  002B
vfpfcnvrt@convarg                cstackBANK0  0026
vfpfcnvrt@cp                     cstackBANK0  002A
vfpfcnvrt@fmt                    cstackBANK0  0022
vfpfcnvrt@fp                     cstackBANK0  0020
vfprintf@ap                      cstackBANK0  002F
vfprintf@cfmt                    cstackCOMMON 007D
vfprintf@fmt                     cstackBANK0  002E
vfprintf@fp                      cstackBANK0  002C
wtemp0                           (abs)        007E


MODULE INFORMATION

Module		Function		Class		Link	Load	Size
C:\Program Files\Microchip\xc8\v3.00\pic\sources\c99\common\nf_fputc.c
		_fputc         		CODE           	02F1	0000	154

C:\Program Files\Microchip\xc8\v3.00\pic\sources\c99\common\nf_fputc.c estimated size: 154

C:\Program Files\Microchip\xc8\v3.00\pic\sources\c99\common\nf_sprintf.c
		_sprintf       		CODE           	0E71	0000	35

C:\Program Files\Microchip\xc8\v3.00\pic\sources\c99\common\nf_sprintf.c estimated size: 35

proje.c
		_Lcd_String    		CODE           	0EDE	0000	38
		_Lcd_Init      		CODE           	0F04	0000	49
		_Lcd_Number    		CODE           	0E36	0000	25
		_updateHighScore		CODE           	0216	0000	107
		_resetGame     		CODE           	0DD2	0000	15
		_Lcd_Command   		CODE           	038B	0000	185
		_main          		CODE           	067F	0000	340
		_showSequence  		CODE           	0281	0000	112
		_checkInvalidButtonPress		CODE           	01B0	0000	102
		_Lcd_Char      		CODE           	0444	0000	185
		_Lcd_Set_Cursor		CODE           	0DF1	0000	20
		_initGame      		CODE           	0E4F	0000	34
		_generateSequence		CODE           	0E94	0000	37
		_waitForStart  		CODE           	0153	0000	93
		_Lcd_Clear     		CODE           	0DE1	0000	16
		_getUserInput  		CODE           	04FD	0000	190
		_delay_ms      		CODE           	0E1D	0000	25
		_eeprom_read   		CODE           	0DB9	0000	12
		_eeprom_write  		CODE           	0E05	0000	24
		_updateScoreDisplay		CODE           	0101	0000	82

proje.c estimated size: 1691

C:\Program Files\Microchip\xc8\v3.00\pic\sources\c99\common\rand.c
		_srand         		CODE           	0DC5	0000	13
		_rand          		CODE           	0FAF	0000	81

C:\Program Files\Microchip\xc8\v3.00\pic\sources\c99\common\rand.c estimated size: 94

C:\Program Files\Microchip\xc8\v3.00\pic\sources\c99\common\lwmod.c
		___lwmod       		CODE           	0F35	0000	56

C:\Program Files\Microchip\xc8\v3.00\pic\sources\c99\common\lwmod.c estimated size: 56

C:\Program Files\Microchip\xc8\v3.00\pic\sources\c99\common\putch.c
		_putch         		CODE           	0DAC	0000	1

C:\Program Files\Microchip\xc8\v3.00\pic\sources\c99\common\putch.c estimated size: 1

C:\Program Files\Microchip\xc8\v3.00\pic\sources\c99\common\Umul32.c
		___lmul        		CODE           	00BB	0000	70

C:\Program Files\Microchip\xc8\v3.00\pic\sources\c99\common\Umul32.c estimated size: 70

shared
		__stringtab    		STRING         	0003	0000	16
		__initialization		CODE           	07D3	0000	41

shared estimated size: 57

C:\Program Files\Microchip\xc8\v3.00\pic\sources\c99\common\lwdiv.c
		___lwdiv       		CODE           	0F6D	0000	66

C:\Program Files\Microchip\xc8\v3.00\pic\sources\c99\common\lwdiv.c estimated size: 66

C:\Program Files\Microchip\xc8\v3.00\pic\sources\c99\common\doprnt.c
		_vfpfcnvrt     		CODE           	05BB	0000	196
		_vfprintf      		CODE           	0EB9	0000	37

C:\Program Files\Microchip\xc8\v3.00\pic\sources\c99\common\doprnt.c estimated size: 233

